python : 2026-01-16 13:19:00,733 - INFO - Premium modules detected
No linha:1 caractere:1
+ python test_full_workflow.py 2>&1 | Tee-Object "test_output.txt" -App ...
+ ~~~~~~~~~~~~~~~~~~~~~~~~~~~~~~~~~
    + CategoryInfo          : NotSpecified: (2026-01-16 13:1...odules detected:String) [],  
   RemoteException
    + FullyQualifiedErrorId : NativeCommandError
 
2026-01-16 13:19:00,734 - INFO - 
================================================================================
2026-01-16 13:19:00,734 - INFO - 360ToolKit - Automated Full Workflow Test
2026-01-16 13:19:00,734 - INFO - 
================================================================================
2026-01-16 13:19:00,734 - INFO - 
============================================================
2026-01-16 13:19:00,734 - INFO - Setting up test environment: 20260116_131900
2026-01-16 13:19:00,734 - INFO - 
============================================================
2026-01-16 13:19:00,735 - INFO - Test output directory: 
C:\Users\Everton-PC\Documents\ARQUIVOS_TESTE\test_20260116_131900
2026-01-16 13:19:00,736 - INFO - Input video: 
G:\.shortcut-targets-by-id\12X9Cn_caDGuRMIO-hF6196FMdQyGNUDA\PROJETOS - CHICO SOMBRA\VIDEOS 
360\VID_20251215_165650_00_210.insv
2026-01-16 13:19:00,737 - INFO - Video size: 1869.18 MB
2026-01-16 13:19:00,737 - INFO - Test config saved: 
C:\Users\Everton-PC\Documents\ARQUIVOS_TESTE\test_20260116_131900\test_config.json
2026-01-16 13:19:00,737 - INFO - 
============================================================
2026-01-16 13:19:00,737 - INFO - Starting Pipeline Execution
2026-01-16 13:19:00,738 - INFO - 
============================================================
2026-01-16 13:19:00,753 - INFO - Found system FFprobe at: C:\Users\Everton-PC\AppData\Local\
Microsoft\WinGet\Packages\Gyan.FFmpeg.Essentials_Microsoft.Winget.Source_8wekyb3d8bbwe\ffmpe
g-8.0.1-essentials_build/bin\ffprobe.EXE
2026-01-16 13:19:00,753 - INFO - FFmpeg found at: C:\Users\Everton-PC\AppData\Local\Microsof
t\WinGet\Packages\Gyan.FFmpeg.Essentials_Microsoft.Winget.Source_8wekyb3d8bbwe\ffmpeg-8.0.1-
essentials_build\bin\ffmpeg.EXE
2026-01-16 13:19:00,753 - INFO - FFprobe found at: C:\Users\Everton-PC\AppData\Local\Microso
ft\WinGet\Packages\Gyan.FFmpeg.Essentials_Microsoft.Winget.Source_8wekyb3d8bbwe\ffmpeg-8.0.1
-essentials_build/bin\ffprobe.EXE
2026-01-16 13:19:00,753 - INFO - Using SDK from settings: C:\Users\Everton-PC\Documents\Wind
ows_CameraSDK-2.1.1_MediaSDK-3.1.0\MediaSDK-3.1.0.0-20250904-win64\MediaSDK
2026-01-16 13:19:00,753 - INFO - Found SDK executable: C:\Users\Everton-PC\Documents\Windows
_CameraSDK-2.1.1_MediaSDK-3.1.0\MediaSDK-3.1.0.0-20250904-win64\MediaSDK\bin\MediaSDKTest.ex
e
2026-01-16 13:19:00,753 - INFO - Found model: C:\Users\Everton-PC\Documents\Windows_CameraSD
K-2.1.1_MediaSDK-3.1.0\MediaSDK-3.1.0.0-20250904-win64\MediaSDK\models\ai_stitcher_v1.ins
2026-01-16 13:19:00,753 - INFO - Found model: C:\Users\Everton-PC\Documents\Windows_CameraSD
K-2.1.1_MediaSDK-3.1.0\MediaSDK-3.1.0.0-20250904-win64\MediaSDK\models\ai_stitcher_v2.ins
2026-01-16 13:19:00,753 - INFO - Found model: C:\Users\Everton-PC\Documents\Windows_CameraSD
K-2.1.1_MediaSDK-3.1.0\MediaSDK-3.1.0.0-20250904-win64\MediaSDK\models\colorplus_model.ins
2026-01-16 13:19:00,754 - INFO - Found model: C:\Users\Everton-PC\Documents\Windows_CameraSD
K-2.1.1_MediaSDK-3.1.0\MediaSDK-3.1.0.0-20250904-win64\MediaSDK\models\jpg_denoise_9d006262.
ins
2026-01-16 13:19:00,754 - INFO - Found model: C:\Users\Everton-PC\Documents\Windows_CameraSD
K-2.1.1_MediaSDK-3.1.0\MediaSDK-3.1.0.0-20250904-win64\MediaSDK\models\defringe_hr_dynamic_7
b56e80f.ins
2026-01-16 13:19:00,754 - INFO - Found model: C:\Users\Everton-PC\Documents\Windows_CameraSD
K-2.1.1_MediaSDK-3.1.0\MediaSDK-3.1.0.0-20250904-win64\MediaSDK\models\deflicker_86ccba0d.in
s
2026-01-16 13:19:00,754 - INFO - [OK] GPU available: Found nvcuda.dll at 
C:\WINDOWS\System32\nvcuda.dll
2026-01-16 13:19:00,754 - INFO - [OK] Insta360 MediaSDK detected: C:\Users\Everton-PC\Docume
nts\Windows_CameraSDK-2.1.1_MediaSDK-3.1.0\MediaSDK-3.1.0.0-20250904-win64\MediaSDK\bin\Medi
aSDKTest.exe
2026-01-16 13:19:00,754 - INFO - [OK] AI Model V1: True
2026-01-16 13:19:00,754 - INFO - [OK] AI Model V2: True
2026-01-16 13:19:00,755 - INFO - === Starting Stage 1: Frame Extraction ===
2026-01-16 13:19:00,755 - INFO - === SDK Stitching (PRIMARY METHOD) ===
2026-01-16 13:19:00,755 - INFO - INFO: Insta360 MediaSDK detected - using SDK stitching
2026-01-16 13:19:00,755 - INFO - Using SDK quality preset: BEST - AI Stitching (maximum 
quality)
2026-01-16 13:19:00,776 - INFO - Time range: 0.0s - 12.5s (frames 0 - 300)
2026-01-16 13:19:00,776 - INFO - Extracting 25 frames from 3780 total
2026-01-16 13:19:00,776 - INFO - Frame interval: 12 (video FPS: 24.0, target FPS: 2.0)
2026-01-16 13:19:00,777 - INFO - [SDK 3.1.x] Model directory set: C:\Users\Everton-PC\Docume
nts\Windows_CameraSDK-2.1.1_MediaSDK-3.1.0\MediaSDK-3.1.0.0-20250904-win64\MediaSDK\models
2026-01-16 13:19:00,778 - INFO - [OK] Using AI Model V2 (best quality): ai_stitcher_v2.ins
2026-01-16 13:19:00,778 - INFO - [SDK] Stitch Method: DYNAMICSTITCH
2026-01-16 13:19:00,778 - INFO - Running MediaSDK extraction...
2026-01-16 13:19:00,778 - INFO - Command: C:\Users\Everton-PC\Documents\Windows_CameraSDK-2.
1.1_MediaSDK-3.1.0\MediaSDK-3.1.0.0-20250904-win64\MediaSDK\bin\MediaSDKTest.exe -model_dir 
C:\Users\Everton-PC\Documents\Windows_CameraSDK-2.1.1_MediaSDK-3.1.0\MediaSDK-3.1.0.0-202509
04-win64\MediaSDK\models -inputs 
G:\.shortcut-targets-by-id\12X9Cn_caDGuRMIO-hF6196FMdQyGNUDA\PROJETOS - CHICO SOMBRA\VIDEOS 
360\VID_20251215_165650_00_210.insv -image_sequence_dir 
C:\Users\Everton-PC\Documents\ARQUIVOS_TESTE\test_20260116_131900\stage1_frames -image_type 
png -export_frame_index 
0-12-24-36-48-60-72-84-96-108-120-132-144-156-168-180-192-204-216-228-240-252-264-276-288 
-stitch_type dynamicstitch -enable_stitchfusion -enable_flowstate -enable_colorplus 
-enable_denoise -enable_defringe -output_size 7680x3840
2026-01-16 13:19:00,778 - INFO - SDK CWD: C:\Users\Everton-PC\Documents\Windows_CameraSDK-2.
1.1_MediaSDK-3.1.0\MediaSDK-3.1.0.0-20250904-win64\MediaSDK\bin
2026-01-16 13:19:00,778 - INFO - SDK PATH: C:\Users\Everton-PC\Documents\Windows_CameraSDK-2
.1.1_MediaSDK-3.1.0\MediaSDK-3.1.0.0-20250904-win64\MediaSDK\bin;C:\Users\Everton-PC\AppData
\Local\Programs\Python\Python311\Lib\site-packages\cv2\../../x64/vc17/bin;C:\Users\Everton-P
C\AppData\Local\Programs\Python\Python311\Lib\site-packages\PyQt6\Qt6\bin;c:\Users\Everton-P
C\AppData\Roaming\Code\User\globalStorage\github.copilot-chat\debugCommand;c:\Users\Everton-
PC\AppData\Roaming\Code\User\globalStorage\github.copilot-chat\copilotCli;C:\Program 
Files\NVIDIA GPU Computing Toolkit\CUDA\v13.1\bin\x64;C:\Program Files\NVIDIA GPU Computing 
Toolkit\CUDA\v13.1\bin;C:\WINDOWS\system32;C:\WINDOWS;C:\WINDOWS\System32\Wbem;C:\WINDOWS\Sy
stem32\WindowsPowerShell\v1.0\;C:\WINDOWS\System32\OpenSSH\;C:\Program Files\NVIDIA 
Corporation\NVIDIA App\NvDLISR;C:\Program Files (x86)\NVIDIA 
Corporation\PhysX\Common;C:\Program Files (x86)\Windows Kits\10\Windows Performance 
Toolkit\;C:\Program Files\dotnet\;C:\Program Files\Git\cmd;C:\Program 
Files\nodejs\;C:\Program Files\Common Files\Autodesk Shared\;C:\Program Files\Microsoft SQL 
Server\150\Tools\Binn\;C:\Program Files\CMake\bin;C:\Program Files\NVIDIA 
Corporation\Nsight Compute 2025.4.0\;C:\Users\Everton-PC\AppData\Local\Programs\Python\Pytho
n311\Scripts\;C:\Users\Everton-PC\AppData\Local\Programs\Python\Python311\;C:\Users\Everton-
PC\AppData\Local\Microsoft\WindowsApps;C:\Users\Everton-PC\AppData\Local\Programs\Microsoft 
VS Code\bin;C:\Users\Everton-PC\AppData\Local\Microsoft\WinGet\Packages\Gyan.FFmpeg.Essentia
ls_Microsoft.Winget.Source_8wekyb3d8bbwe\ffmpeg-8.0.1-essentials_build/bin;C:\Users\Everton-
PC\AppData\Local\Programs\Antigravity\bin;C:\Users\Everton-PC\AppData\Roaming\npm
2026-01-16 13:19:00,779 - INFO - DLLs in SDK bin: ['api-ms-win-core-console-l1-1-0.dll', 
'api-ms-win-core-datetime-l1-1-0.dll', 'api-ms-win-core-debug-l1-1-0.dll', 
'api-ms-win-core-errorhandling-l1-1-0.dll', 'api-ms-win-core-file-l1-1-0.dll', 
'api-ms-win-core-file-l1-2-0.dll', 'api-ms-win-core-file-l2-1-0.dll', 
'api-ms-win-core-handle-l1-1-0.dll', 'api-ms-win-core-heap-l1-1-0.dll', 
'api-ms-win-core-interlocked-l1-1-0.dll', 'api-ms-win-core-libraryloader-l1-1-0.dll', 
'api-ms-win-core-localization-l1-2-0.dll', 'api-ms-win-core-memory-l1-1-0.dll', 
'api-ms-win-core-namedpipe-l1-1-0.dll', 'api-ms-win-core-processenvironment-l1-1-0.dll', 
'api-ms-win-core-processthreads-l1-1-0.dll', 'api-ms-win-core-processthreads-l1-1-1.dll', 
'api-ms-win-core-profile-l1-1-0.dll', 'api-ms-win-core-rtlsupport-l1-1-0.dll', 
'api-ms-win-core-string-l1-1-0.dll', 'api-ms-win-core-synch-l1-1-0.dll', 
'api-ms-win-core-synch-l1-2-0.dll', 'api-ms-win-core-sysinfo-l1-1-0.dll', 
'api-ms-win-core-timezone-l1-1-0.dll', 'api-ms-win-core-util-l1-1-0.dll', 
'api-ms-win-crt-conio-l1-1-0.dll', 'api-ms-win-crt-convert-l1-1-0.dll', 
'api-ms-win-crt-environment-l1-1-0.dll', 'api-ms-win-crt-filesystem-l1-1-0.dll', 
'api-ms-win-crt-heap-l1-1-0.dll', 'api-ms-win-crt-locale-l1-1-0.dll', 
'api-ms-win-crt-math-l1-1-0.dll', 'api-ms-win-crt-multibyte-l1-1-0.dll', 
'api-ms-win-crt-private-l1-1-0.dll', 'api-ms-win-crt-process-l1-1-0.dll', 
'api-ms-win-crt-runtime-l1-1-0.dll', 'api-ms-win-crt-stdio-l1-1-0.dll', 
'api-ms-win-crt-string-l1-1-0.dll', 'api-ms-win-crt-time-l1-1-0.dll', 
'api-ms-win-crt-utility-l1-1-0.dll', 'api-ms-win-downlevel-shlwapi-l1-1-0.dll', 
'CameraSDK.dll', 'cublas64_10.dll', 'cublasLt64_10.dll', 'cudart64_102.dll', 
'cudart64_80.dll', 'cufft64_10.dll', 'exiv2.dll', 'expat.dll', 'libcurl.dll', 
'librnnoise.dll', 'MediaSDK.dll', 'MNN.dll', 'msvcp140.dll', 'msvcp140_1.dll', 
'msvcp140_2.dll', 'msvcr120.dll', 'nppc64_10.dll', 'nppial64_10.dll', 'nppicc64_10.dll', 
'nppidei64_10.dll', 'nppif64_10.dll', 'nppig64_10.dll', 'nppim64_10.dll', 
'nppist64_10.dll', 'nppitc64_10.dll', 'npps64_10.dll', 'OpenAL32.dll', 'OpenCL.dll', 
'opencv_aruco470.dll', 'opencv_barcode470.dll', 'opencv_bgsegm470.dll', 
'opencv_bioinspired470.dll', 'opencv_calib3d470.dll', 'opencv_ccalib470.dll', 
'opencv_core470.dll', 'opencv_cudaarithm470.dll', 'opencv_cudabgsegm470.dll', 
'opencv_cudacodec470.dll', 'opencv_cudafeatures2d470.dll', 'opencv_cudafilters470.dll', 
'opencv_cudaimgproc470.dll', 'opencv_cudalegacy470.dll', 'opencv_cudaobjdetect470.dll', 
'opencv_cudaoptflow470.dll', 'opencv_cudastereo470.dll', 'opencv_cudawarping470.dll', 
'opencv_cudev470.dll', 'opencv_datasets470.dll', 'opencv_dnn470.dll', 
'opencv_dnn_objdetect470.dll', 'opencv_dnn_superres470.dll', 'opencv_dpm470.dll', 
'opencv_face470.dll', 'opencv_features2d470.dll', 'opencv_flann470.dll', 
'opencv_fuzzy470.dll', 'opencv_gapi470.dll', 'opencv_hfs470.dll', 'opencv_highgui470.dll', 
'opencv_imgcodecs470.dll', 'opencv_imgproc470.dll', 'opencv_img_hash470.dll', 
'opencv_intensity_transform470.dll', 'opencv_line_descriptor470.dll', 'opencv_mcc470.dll', 
'opencv_ml470.dll', 'opencv_objdetect470.dll', 'opencv_optflow470.dll', 
'opencv_phase_unwrapping470.dll', 'opencv_photo470.dll', 'opencv_plot470.dll', 
'opencv_quality470.dll', 'opencv_rapid470.dll', 'opencv_reg470.dll', 'opencv_rgbd470.dll', 
'opencv_saliency470.dll', 'opencv_shape470.dll', 'opencv_stereo470.dll', 
'opencv_stitching470.dll', 'opencv_structured_light470.dll', 'opencv_superres470.dll', 
'opencv_surface_matching470.dll', 'opencv_text470.dll', 'opencv_tracking470.dll', 
'opencv_video470.dll', 'opencv_videoio470.dll', 'opencv_videoio_ffmpeg470_64.dll', 
'opencv_videostab470.dll', 'opencv_wechat_qrcode470.dll', 'opencv_xfeatures2d470.dll', 
'opencv_ximgproc470.dll', 'opencv_xobjdetect470.dll', 'opencv_xphoto470.dll', 'tbb12.dll', 
'ucrtbase.dll', 'ucrtbased.dll', 'vccorlib140.dll', 'vcomp140.dll', 'vcruntime140.dll', 
'vcruntime140_1.dll', 'webrtc_audio_proc.dll']
2026-01-16 13:19:00,779 - INFO - Found nvcuda.dll at C:\WINDOWS\System32\nvcuda.dll
2026-01-16 13:19:00,781 - INFO - [INFO] Timeout set to 600s for 25 frames (~24.00s/frame 
with safety margin)
2026-01-16 13:19:08,787 - INFO - Progress: 20/100 - Stage 1: SDK stitching
2026-01-16 13:19:22,880 - INFO - Progress: 60/100 - Stage 1: SDK stitching
2026-01-16 13:19:36,878 - INFO - Progress: 100/100 - Stage 1: SDK stitching
2026-01-16 13:19:37,095 - INFO - [SDK STDOUT]
[01-16 13:19:00.811]  13232 35380 I model_interact.cc:0026:  default platform is:2
[01-16 13:19:00.814]  13232 35380 I model_interact.cc:0026:  default platform is:2
start stitch 
progress: 0; finished: 0
vulkan runtime init success
[01-16 13:19:02.507]  13232 29516 couple_track_frame_reader.cc:0102 platform I:  
coupleTrackFrameReader init success

process = 4%
process = 8%
process = 12%
process = 16%
process = 20%
process = 24%
process = 28%
process = 32%
process = 36%
process = 40%
process = 44%
process = 48%
process = 52%
process = 56%
process = 60%
process = 64%
process = 68%
process = 72%
process = 76%
process = 80%
process = 84%
process = 88%
process = 92%
process = 96%
process = 100%
progress: 100; finished: 1
end stitch 
cost = 34.6312
The device support i8sdot:0, support fp16:0, support i8mm: 0

2026-01-16 13:19:37,095 - WARNING - [SDK STDERR]
[01-16 13:19:02.133]  13232 29516 E ExtraInfoAsset.cc:1590:  read frame info 
FrameTypeTimelapseQuat failed, data is empty

2026-01-16 13:19:37,095 - INFO - [OK] MediaSDK extraction completed successfully!
2026-01-16 13:19:37,095 - INFO - [OK] Extracted 25/25 frames (100.0%)
2026-01-16 13:19:37,095 - INFO - [VERIFY] Sample image: 0.png (50,407,648 bytes)
2026-01-16 13:19:37,096 - INFO - [OK] SDK extraction complete: 25 frames
2026-01-16 13:19:37,096 - INFO - === Stage 1.5: Masking Equirectangular Frames ===
2026-01-16 13:19:37,107 - INFO - PyTorch loaded successfully. Version: 
2.11.0.dev20260106+cu128, CUDA available: True
2026-01-16 13:19:37,215 - INFO - Progress: 100/100 - Stage 1: SDK stitching
2026-01-16 13:19:37,215 - INFO - 
============================================================
2026-01-16 13:19:37,215 - INFO - Stage 1 Complete
2026-01-16 13:19:37,215 - INFO - 
============================================================
2026-01-16 13:19:37,215 - INFO - Result: {'success': True, 'frames': ['C:\\Users\\Everton-PC
\\Documents\\ARQUIVOS_TESTE\\test_20260116_131900\\stage1_frames\\0.png', 'C:\\Users\\Everto
n-PC\\Documents\\ARQUIVOS_TESTE\\test_20260116_131900\\stage1_frames\\12.png', 'C:\\Users\\E
verton-PC\\Documents\\ARQUIVOS_TESTE\\test_20260116_131900\\stage1_frames\\24.png', 'C:\\Use
rs\\Everton-PC\\Documents\\ARQUIVOS_TESTE\\test_20260116_131900\\stage1_frames\\36.png', 'C:
\\Users\\Everton-PC\\Documents\\ARQUIVOS_TESTE\\test_20260116_131900\\stage1_frames\\48.png'
, 'C:\\Users\\Everton-PC\\Documents\\ARQUIVOS_TESTE\\test_20260116_131900\\stage1_frames\\60
.png', 'C:\\Users\\Everton-PC\\Documents\\ARQUIVOS_TESTE\\test_20260116_131900\\stage1_frame
s\\72.png', 'C:\\Users\\Everton-PC\\Documents\\ARQUIVOS_TESTE\\test_20260116_131900\\stage1_
frames\\84.png', 'C:\\Users\\Everton-PC\\Documents\\ARQUIVOS_TESTE\\test_20260116_131900\\st
age1_frames\\96.png', 'C:\\Users\\Everton-PC\\Documents\\ARQUIVOS_TESTE\\test_20260116_13190
0\\stage1_frames\\108.png', 'C:\\Users\\Everton-PC\\Documents\\ARQUIVOS_TESTE\\test_20260116
_131900\\stage1_frames\\120.png', 'C:\\Users\\Everton-PC\\Documents\\ARQUIVOS_TESTE\\test_20
260116_131900\\stage1_frames\\132.png', 'C:\\Users\\Everton-PC\\Documents\\ARQUIVOS_TESTE\\t
est_20260116_131900\\stage1_frames\\144.png', 'C:\\Users\\Everton-PC\\Documents\\ARQUIVOS_TE
STE\\test_20260116_131900\\stage1_frames\\156.png', 'C:\\Users\\Everton-PC\\Documents\\ARQUI
VOS_TESTE\\test_20260116_131900\\stage1_frames\\168.png', 'C:\\Users\\Everton-PC\\Documents\
\ARQUIVOS_TESTE\\test_20260116_131900\\stage1_frames\\180.png', 'C:\\Users\\Everton-PC\\Docu
ments\\ARQUIVOS_TESTE\\test_20260116_131900\\stage1_frames\\192.png', 'C:\\Users\\Everton-PC
\\Documents\\ARQUIVOS_TESTE\\test_20260116_131900\\stage1_frames\\204.png', 'C:\\Users\\Ever
ton-PC\\Documents\\ARQUIVOS_TESTE\\test_20260116_131900\\stage1_frames\\216.png', 'C:\\Users
\\Everton-PC\\Documents\\ARQUIVOS_TESTE\\test_20260116_131900\\stage1_frames\\228.png', 'C:\
\Users\\Everton-PC\\Documents\\ARQUIVOS_TESTE\\test_20260116_131900\\stage1_frames\\240.png'
, 'C:\\Users\\Everton-PC\\Documents\\ARQUIVOS_TESTE\\test_20260116_131900\\stage1_frames\\25
2.png', 'C:\\Users\\Everton-PC\\Documents\\ARQUIVOS_TESTE\\test_20260116_131900\\stage1_fram
es\\264.png', 'C:\\Users\\Everton-PC\\Documents\\ARQUIVOS_TESTE\\test_20260116_131900\\stage
1_frames\\276.png', 'C:\\Users\\Everton-PC\\Documents\\ARQUIVOS_TESTE\\test_20260116_131900\
\stage1_frames\\288.png'], 'method': 'sdk_stitching', 'count': 25}
2026-01-16 13:19:37,215 - INFO - Progress: 0/100 - Masking equirect frames before COLMAP...
2026-01-16 13:19:38,183 - INFO - Ultralytics loaded successfully
2026-01-16 13:19:38,184 - INFO - Masking 25 equirect frames with categories: ['person']
2026-01-16 13:19:38,184 - INFO - CUDA detection: available=True, version=12.8, devices=1
2026-01-16 13:19:38,186 - INFO - GPU Device: NVIDIA GeForce RTX 5070 Ti (Compute 
Capability: sm_120)
2026-01-16 13:19:38,261 - INFO - Progress: 0/25 - Initializing masker...
2026-01-16 13:19:38,285 - INFO - [OK] GPU compatibility verified - CUDA operations 
successful
2026-01-16 13:19:38,285 - INFO - Using device: cuda:0
2026-01-16 13:19:38,285 - INFO - Loading YOLOv8 model: yolov8m-seg.pt
2026-01-16 13:19:38,371 - INFO - YOLOv8 model loaded successfully: yolov8m-seg.pt (52MB, 
~1.0s/image)
2026-01-16 13:19:38,371 - INFO - Enabled masking categories: persons
2026-01-16 13:19:38,462 - INFO - Progress: 0/25 - Masking equirect frame 1/25: 0.png
2026-01-16 13:19:42,891 - INFO - Progress: 10/25 - Masking equirect frame 11/25: 204.png
2026-01-16 13:19:46,909 - INFO - Progress: 20/25 - Masking equirect frame 21/25: 48.png
2026-01-16 13:19:48,847 - INFO - Stage 1.5 complete: 0 masks created
2026-01-16 13:19:48,849 - INFO - Created 0 equirect masks
2026-01-16 13:19:48,849 - INFO - === COLMAP Alignment (Pro Edition) ===
2026-01-16 13:19:48,849 - INFO - Using equirect masks from: 
C:\Users\Everton-PC\Documents\ARQUIVOS_TESTE\test_20260116_131900\stage1_masks
2026-01-16 13:19:48,849 - INFO - No equirect masks available for COLMAP
2026-01-16 13:19:48,849 - INFO - Loaded premium module: src.premium.colmap_integration
2026-01-16 13:19:48,850 - INFO - COLMAP integrator loaded (Pro Edition)
2026-01-16 13:19:48,850 - INFO - Running COLMAP on 
C:\Users\Everton-PC\Documents\ARQUIVOS_TESTE\test_20260116_131900\stage1_frames
2026-01-16 13:19:48,850 - INFO - Running COLMAP alignment on equirectangular frames: 
C:\Users\Everton-PC\Documents\ARQUIVOS_TESTE\test_20260116_131900\stage1_frames
2026-01-16 13:19:48,856 - INFO - Image dimensions: 7680x3840
2026-01-16 13:19:48,856 - INFO - Camera params: 1.0,3840.0,1920.0
2026-01-16 13:19:48,856 - INFO - Running COLMAP alignment on equirectangular frames: 
C:\Users\Everton-PC\Documents\ARQUIVOS_TESTE\test_20260116_131900\stage1_frames
2026-01-16 13:19:48,856 - INFO -   Masks: None
2026-01-16 13:19:48,857 - INFO -   Output: 
C:\Users\Everton-PC\Documents\ARQUIVOS_TESTE\test_20260116_131900\colmap_alignment
2026-01-16 13:19:48,857 - INFO -   SphereSFM: 
C:\Users\Everton-PC\Documents\APLICATIVOS\SphereAlignment\SphereSfM-2024-12-14\colmap.exe
2026-01-16 13:19:48,857 - INFO -   Matching method: sequential
2026-01-16 13:19:48,857 - INFO -   Database creation...
2026-01-16 13:19:48,915 - INFO - Progress: 25/25 - Equirect masking complete: 0 masks
2026-01-16 13:19:48,915 - INFO - Progress: 0/100 - Created 0 equirect masks
2026-01-16 13:19:48,915 - INFO - Progress: 0/100 - Running COLMAP with equirect masks...
2026-01-16 13:19:48,915 - INFO - Progress: 0/100 - COLMAP: Creating COLMAP database...
2026-01-16 13:19:48,941 - INFO -   Ô£ô Database creation completed in 0.1s
2026-01-16 13:19:48,941 - INFO -   Feature extraction...
2026-01-16 13:19:49,016 - INFO - Progress: 0/100 - COLMAP: Extracting features...
2026-01-16 13:20:06,957 - INFO -   Ô£ô Feature extraction completed in 18.0s
2026-01-16 13:20:06,957 - INFO -   Feature matching...
2026-01-16 13:20:07,044 - INFO - Progress: 0/100 - COLMAP: Matching features (sequential)...
2026-01-16 13:20:30,812 - ERROR - Feature matching crashed (error 3221226505). This usually 
means:
1. Not enough matching features between frames (try closer frame intervals)
2. GPU memory issue (try reducing resolution or using sequential matching)
3. CUDA/GPU driver issue

Suggestions:
ÔÇó Increase FPS (extract more frames, e.g., 5-10 FPS instead of 2-4 FPS)
ÔÇó Use sequential matching instead of exhaustive
ÔÇó Reduce image resolution in Stage 1 (try 4K instead of 8K)
ÔÇó Update GPU drivers
2026-01-16 13:20:30,812 - WARNING - COLMAP alignment failed: Feature matching crashed 
(error 3221226505). This usually means:
1. Not enough matching features between frames (try closer frame intervals)
2. GPU memory issue (try reducing resolution or using sequential matching)
3. CUDA/GPU driver issue

Suggestions:
ÔÇó Increase FPS (extract more frames, e.g., 5-10 FPS instead of 2-4 FPS)
ÔÇó Use sequential matching instead of exhaustive
ÔÇó Reduce image resolution in Stage 1 (try 4K instead of 8K)
ÔÇó Update GPU drivers
2026-01-16 13:20:30,813 - INFO - === Starting Stage 2: Perspective Splitting ===
2026-01-16 13:20:30,813 - INFO - Processing 25 frames with 8 cameras (PERSPECTIVE mode)
2026-01-16 13:20:30,820 - INFO - [OK] GPU acceleration enabled for Stage 2: NVIDIA GeForce 
RTX 5070 Ti (sm_120)
2026-01-16 13:20:30,820 - INFO - Initialized TorchE2PTransform on cuda
2026-01-16 13:20:30,859 - INFO - Progress: 0/100 - COLMAP: Alignment complete
2026-01-16 13:20:30,859 - INFO - Progress: 0/100 - WARNING: COLMAP failed - continuing 
without position data
2026-01-16 13:20:31,207 - INFO - Auto-detected optimal batch size: 16 (Free VRAM: 15.75 GB)
2026-01-16 13:20:31,207 - INFO - Using batch size: 16 frames
2026-01-16 13:21:09,499 - INFO - Progress: 130/200 - Stage 2 (GPU Batch): Frames 0-16/25
2026-01-16 13:23:19,030 - INFO - [OK] GPU batch processing complete: 200 perspectives 
created
2026-01-16 13:23:19,033 - INFO - === Starting Stage 3: Mask Generation ===
2026-01-16 13:23:19,033 - INFO - Using Stage 2 perspectives for masking: 
C:\Users\Everton-PC\Documents\ARQUIVOS_TESTE\test_20260116_131900\stage2_perspectives
2026-01-16 13:23:19,033 - WARNING - ONNX model file not found at: 
C:\Users\Everton-PC\Documents\APLICATIVOS\360toolkit\yolov8s-seg.onnx
2026-01-16 13:23:19,033 - INFO - ONNX initialization failed (File not found at 
C:\Users\Everton-PC\Documents\APLICATIVOS\360toolkit\yolov8s-seg.onnx). Attempting PyTorch 
fallback.
2026-01-16 13:23:19,034 - INFO - CUDA detection: available=True, version=12.8, devices=1
2026-01-16 13:23:19,034 - INFO - GPU Device: NVIDIA GeForce RTX 5070 Ti (Compute 
Capability: sm_120)
2026-01-16 13:23:19,055 - INFO - 
============================================================
2026-01-16 13:23:19,055 - INFO - Stage 2 Complete
2026-01-16 13:23:19,055 - INFO - 
============================================================
2026-01-16 13:23:19,055 - INFO - Result: {'success': True, 'perspective_count': 200, 
'output_files': ['C:\\Users\\Everton-PC\\Documents\\ARQUIVOS_TESTE\\test_20260116_131900\\st
age2_perspectives\\frame_00000_cam_00.png', 'C:\\Users\\Everton-PC\\Documents\\ARQUIVOS_TEST
E\\test_20260116_131900\\stage2_perspectives\\frame_00001_cam_00.png', 'C:\\Users\\Everton-P
C\\Documents\\ARQUIVOS_TESTE\\test_20260116_131900\\stage2_perspectives\\frame_00002_cam_00.
png', 'C:\\Users\\Everton-PC\\Documents\\ARQUIVOS_TESTE\\test_20260116_131900\\stage2_perspe
ctives\\frame_00003_cam_00.png', 'C:\\Users\\Everton-PC\\Documents\\ARQUIVOS_TESTE\\test_202
60116_131900\\stage2_perspectives\\frame_00004_cam_00.png', 'C:\\Users\\Everton-PC\\Document
s\\ARQUIVOS_TESTE\\test_20260116_131900\\stage2_perspectives\\frame_00005_cam_00.png', 'C:\\
Users\\Everton-PC\\Documents\\ARQUIVOS_TESTE\\test_20260116_131900\\stage2_perspectives\\fra
me_00006_cam_00.png', 'C:\\Users\\Everton-PC\\Documents\\ARQUIVOS_TESTE\\test_20260116_13190
0\\stage2_perspectives\\frame_00007_cam_00.png', 'C:\\Users\\Everton-PC\\Documents\\ARQUIVOS
_TESTE\\test_20260116_131900\\stage2_perspectives\\frame_00008_cam_00.png', 'C:\\Users\\Ever
ton-PC\\Documents\\ARQUIVOS_TESTE\\test_20260116_131900\\stage2_perspectives\\frame_00009_ca
m_00.png', 'C:\\Users\\Everton-PC\\Documents\\ARQUIVOS_TESTE\\test_20260116_131900\\stage2_p
erspectives\\frame_00010_cam_00.png', 'C:\\Users\\Everton-PC\\Documents\\ARQUIVOS_TESTE\\tes
t_20260116_131900\\stage2_perspectives\\frame_00011_cam_00.png', 'C:\\Users\\Everton-PC\\Doc
uments\\ARQUIVOS_TESTE\\test_20260116_131900\\stage2_perspectives\\frame_00012_cam_00.png', 
'C:\\Users\\Everton-PC\\Documents\\ARQUIVOS_TESTE\\test_20260116_131900\\stage2_perspectives
\\frame_00013_cam_00.png', 'C:\\Users\\Everton-PC\\Documents\\ARQUIVOS_TESTE\\test_20260116_
131900\\stage2_perspectives\\frame_00014_cam_00.png', 'C:\\Users\\Everton-PC\\Documents\\ARQ
UIVOS_TESTE\\test_20260116_131900\\stage2_perspectives\\frame_00015_cam_00.png', 'C:\\Users\
\Everton-PC\\Documents\\ARQUIVOS_TESTE\\test_20260116_131900\\stage2_perspectives\\frame_000
00_cam_01.png', 'C:\\Users\\Everton-PC\\Documents\\ARQUIVOS_TESTE\\test_20260116_131900\\sta
ge2_perspectives\\frame_00001_cam_01.png', 'C:\\Users\\Everton-PC\\Documents\\ARQUIVOS_TESTE
\\test_20260116_131900\\stage2_perspectives\\frame_00002_cam_01.png', 'C:\\Users\\Everton-PC
\\Documents\\ARQUIVOS_TESTE\\test_20260116_131900\\stage2_perspectives\\frame_00003_cam_01.p
ng', 'C:\\Users\\Everton-PC\\Documents\\ARQUIVOS_TESTE\\test_20260116_131900\\stage2_perspec
tives\\frame_00004_cam_01.png', 'C:\\Users\\Everton-PC\\Documents\\ARQUIVOS_TESTE\\test_2026
0116_131900\\stage2_perspectives\\frame_00005_cam_01.png', 'C:\\Users\\Everton-PC\\Documents
\\ARQUIVOS_TESTE\\test_20260116_131900\\stage2_perspectives\\frame_00006_cam_01.png', 'C:\\U
sers\\Everton-PC\\Documents\\ARQUIVOS_TESTE\\test_20260116_131900\\stage2_perspectives\\fram
e_00007_cam_01.png', 'C:\\Users\\Everton-PC\\Documents\\ARQUIVOS_TESTE\\test_20260116_131900
\\stage2_perspectives\\frame_00008_cam_01.png', 'C:\\Users\\Everton-PC\\Documents\\ARQUIVOS_
TESTE\\test_20260116_131900\\stage2_perspectives\\frame_00009_cam_01.png', 'C:\\Users\\Evert
on-PC\\Documents\\ARQUIVOS_TESTE\\test_20260116_131900\\stage2_perspectives\\frame_00010_cam
_01.png', 'C:\\Users\\Everton-PC\\Documents\\ARQUIVOS_TESTE\\test_20260116_131900\\stage2_pe
rspectives\\frame_00011_cam_01.png', 'C:\\Users\\Everton-PC\\Documents\\ARQUIVOS_TESTE\\test
_20260116_131900\\stage2_perspectives\\frame_00012_cam_01.png', 'C:\\Users\\Everton-PC\\Docu
ments\\ARQUIVOS_TESTE\\test_20260116_131900\\stage2_perspectives\\frame_00013_cam_01.png', '
C:\\Users\\Everton-PC\\Documents\\ARQUIVOS_TESTE\\test_20260116_131900\\stage2_perspectives\
\frame_00014_cam_01.png', 'C:\\Users\\Everton-PC\\Documents\\ARQUIVOS_TESTE\\test_20260116_1
31900\\stage2_perspectives\\frame_00015_cam_01.png', 'C:\\Users\\Everton-PC\\Documents\\ARQU
IVOS_TESTE\\test_20260116_131900\\stage2_perspectives\\frame_00000_cam_02.png', 'C:\\Users\\
Everton-PC\\Documents\\ARQUIVOS_TESTE\\test_20260116_131900\\stage2_perspectives\\frame_0000
1_cam_02.png', 'C:\\Users\\Everton-PC\\Documents\\ARQUIVOS_TESTE\\test_20260116_131900\\stag
e2_perspectives\\frame_00002_cam_02.png', 'C:\\Users\\Everton-PC\\Documents\\ARQUIVOS_TESTE\
\test_20260116_131900\\stage2_perspectives\\frame_00003_cam_02.png', 'C:\\Users\\Everton-PC\
\Documents\\ARQUIVOS_TESTE\\test_20260116_131900\\stage2_perspectives\\frame_00004_cam_02.pn
g', 'C:\\Users\\Everton-PC\\Documents\\ARQUIVOS_TESTE\\test_20260116_131900\\stage2_perspect
ives\\frame_00005_cam_02.png', 'C:\\Users\\Everton-PC\\Documents\\ARQUIVOS_TESTE\\test_20260
116_131900\\stage2_perspectives\\frame_00006_cam_02.png', 'C:\\Users\\Everton-PC\\Documents\
\ARQUIVOS_TESTE\\test_20260116_131900\\stage2_perspectives\\frame_00007_cam_02.png', 'C:\\Us
ers\\Everton-PC\\Documents\\ARQUIVOS_TESTE\\test_20260116_131900\\stage2_perspectives\\frame
_00008_cam_02.png', 'C:\\Users\\Everton-PC\\Documents\\ARQUIVOS_TESTE\\test_20260116_131900\
\stage2_perspectives\\frame_00009_cam_02.png', 'C:\\Users\\Everton-PC\\Documents\\ARQUIVOS_T
ESTE\\test_20260116_131900\\stage2_perspectives\\frame_00010_cam_02.png', 'C:\\Users\\Everto
n-PC\\Documents\\ARQUIVOS_TESTE\\test_20260116_131900\\stage2_perspectives\\frame_00011_cam_
02.png', 'C:\\Users\\Everton-PC\\Documents\\ARQUIVOS_TESTE\\test_20260116_131900\\stage2_per
spectives\\frame_00012_cam_02.png', 'C:\\Users\\Everton-PC\\Documents\\ARQUIVOS_TESTE\\test_
20260116_131900\\stage2_perspectives\\frame_00013_cam_02.png', 'C:\\Users\\Everton-PC\\Docum
ents\\ARQUIVOS_TESTE\\test_20260116_131900\\stage2_perspectives\\frame_00014_cam_02.png', 'C
:\\Users\\Everton-PC\\Documents\\ARQUIVOS_TESTE\\test_20260116_131900\\stage2_perspectives\\
frame_00015_cam_02.png', 'C:\\Users\\Everton-PC\\Documents\\ARQUIVOS_TESTE\\test_20260116_13
1900\\stage2_perspectives\\frame_00000_cam_03.png', 'C:\\Users\\Everton-PC\\Documents\\ARQUI
VOS_TESTE\\test_20260116_131900\\stage2_perspectives\\frame_00001_cam_03.png', 'C:\\Users\\E
verton-PC\\Documents\\ARQUIVOS_TESTE\\test_20260116_131900\\stage2_perspectives\\frame_00002
_cam_03.png', 'C:\\Users\\Everton-PC\\Documents\\ARQUIVOS_TESTE\\test_20260116_131900\\stage
2_perspectives\\frame_00003_cam_03.png', 'C:\\Users\\Everton-PC\\Documents\\ARQUIVOS_TESTE\\
test_20260116_131900\\stage2_perspectives\\frame_00004_cam_03.png', 'C:\\Users\\Everton-PC\\
Documents\\ARQUIVOS_TESTE\\test_20260116_131900\\stage2_perspectives\\frame_00005_cam_03.png
', 'C:\\Users\\Everton-PC\\Documents\\ARQUIVOS_TESTE\\test_20260116_131900\\stage2_perspecti
ves\\frame_00006_cam_03.png', 'C:\\Users\\Everton-PC\\Documents\\ARQUIVOS_TESTE\\test_202601
16_131900\\stage2_perspectives\\frame_00007_cam_03.png', 'C:\\Users\\Everton-PC\\Documents\\
ARQUIVOS_TESTE\\test_20260116_131900\\stage2_perspectives\\frame_00008_cam_03.png', 'C:\\Use
rs\\Everton-PC\\Documents\\ARQUIVOS_TESTE\\test_20260116_131900\\stage2_perspectives\\frame_
00009_cam_03.png', 'C:\\Users\\Everton-PC\\Documents\\ARQUIVOS_TESTE\\test_20260116_131900\\
stage2_perspectives\\frame_00010_cam_03.png', 'C:\\Users\\Everton-PC\\Documents\\ARQUIVOS_TE
STE\\test_20260116_131900\\stage2_perspectives\\frame_00011_cam_03.png', 'C:\\Users\\Everton
-PC\\Documents\\ARQUIVOS_TESTE\\test_20260116_131900\\stage2_perspectives\\frame_00012_cam_0
3.png', 'C:\\Users\\Everton-PC\\Documents\\ARQUIVOS_TESTE\\test_20260116_131900\\stage2_pers
pectives\\frame_00013_cam_03.png', 'C:\\Users\\Everton-PC\\Documents\\ARQUIVOS_TESTE\\test_2
0260116_131900\\stage2_perspectives\\frame_00014_cam_03.png', 'C:\\Users\\Everton-PC\\Docume
nts\\ARQUIVOS_TESTE\\test_20260116_131900\\stage2_perspectives\\frame_00015_cam_03.png', 'C:
\\Users\\Everton-PC\\Documents\\ARQUIVOS_TESTE\\test_20260116_131900\\stage2_perspectives\\f
rame_00000_cam_04.png', 'C:\\Users\\Everton-PC\\Documents\\ARQUIVOS_TESTE\\test_20260116_131
900\\stage2_perspectives\\frame_00001_cam_04.png', 'C:\\Users\\Everton-PC\\Documents\\ARQUIV
OS_TESTE\\test_20260116_131900\\stage2_perspectives\\frame_00002_cam_04.png', 'C:\\Users\\Ev
erton-PC\\Documents\\ARQUIVOS_TESTE\\test_20260116_131900\\stage2_perspectives\\frame_00003_
cam_04.png', 'C:\\Users\\Everton-PC\\Documents\\ARQUIVOS_TESTE\\test_20260116_131900\\stage2
_perspectives\\frame_00004_cam_04.png', 'C:\\Users\\Everton-PC\\Documents\\ARQUIVOS_TESTE\\t
est_20260116_131900\\stage2_perspectives\\frame_00005_cam_04.png', 'C:\\Users\\Everton-PC\\D
ocuments\\ARQUIVOS_TESTE\\test_20260116_131900\\stage2_perspectives\\frame_00006_cam_04.png'
, 'C:\\Users\\Everton-PC\\Documents\\ARQUIVOS_TESTE\\test_20260116_131900\\stage2_perspectiv
es\\frame_00007_cam_04.png', 'C:\\Users\\Everton-PC\\Documents\\ARQUIVOS_TESTE\\test_2026011
6_131900\\stage2_perspectives\\frame_00008_cam_04.png', 'C:\\Users\\Everton-PC\\Documents\\A
RQUIVOS_TESTE\\test_20260116_131900\\stage2_perspectives\\frame_00009_cam_04.png', 'C:\\User
s\\Everton-PC\\Documents\\ARQUIVOS_TESTE\\test_20260116_131900\\stage2_perspectives\\frame_0
0010_cam_04.png', 'C:\\Users\\Everton-PC\\Documents\\ARQUIVOS_TESTE\\test_20260116_131900\\s
tage2_perspectives\\frame_00011_cam_04.png', 'C:\\Users\\Everton-PC\\Documents\\ARQUIVOS_TES
TE\\test_20260116_131900\\stage2_perspectives\\frame_00012_cam_04.png', 'C:\\Users\\Everton-
PC\\Documents\\ARQUIVOS_TESTE\\test_20260116_131900\\stage2_perspectives\\frame_00013_cam_04
.png', 'C:\\Users\\Everton-PC\\Documents\\ARQUIVOS_TESTE\\test_20260116_131900\\stage2_persp
ectives\\frame_00014_cam_04.png', 'C:\\Users\\Everton-PC\\Documents\\ARQUIVOS_TESTE\\test_20
260116_131900\\stage2_perspectives\\frame_00015_cam_04.png', 'C:\\Users\\Everton-PC\\Documen
ts\\ARQUIVOS_TESTE\\test_20260116_131900\\stage2_perspectives\\frame_00000_cam_05.png', 'C:\
\Users\\Everton-PC\\Documents\\ARQUIVOS_TESTE\\test_20260116_131900\\stage2_perspectives\\fr
ame_00001_cam_05.png', 'C:\\Users\\Everton-PC\\Documents\\ARQUIVOS_TESTE\\test_20260116_1319
00\\stage2_perspectives\\frame_00002_cam_05.png', 'C:\\Users\\Everton-PC\\Documents\\ARQUIVO
S_TESTE\\test_20260116_131900\\stage2_perspectives\\frame_00003_cam_05.png', 'C:\\Users\\Eve
rton-PC\\Documents\\ARQUIVOS_TESTE\\test_20260116_131900\\stage2_perspectives\\frame_00004_c
am_05.png', 'C:\\Users\\Everton-PC\\Documents\\ARQUIVOS_TESTE\\test_20260116_131900\\stage2_
perspectives\\frame_00005_cam_05.png', 'C:\\Users\\Everton-PC\\Documents\\ARQUIVOS_TESTE\\te
st_20260116_131900\\stage2_perspectives\\frame_00006_cam_05.png', 'C:\\Users\\Everton-PC\\Do
cuments\\ARQUIVOS_TESTE\\test_20260116_131900\\stage2_perspectives\\frame_00007_cam_05.png',
 'C:\\Users\\Everton-PC\\Documents\\ARQUIVOS_TESTE\\test_20260116_131900\\stage2_perspective
s\\frame_00008_cam_05.png', 'C:\\Users\\Everton-PC\\Documents\\ARQUIVOS_TESTE\\test_20260116
_131900\\stage2_perspectives\\frame_00009_cam_05.png', 'C:\\Users\\Everton-PC\\Documents\\AR
QUIVOS_TESTE\\test_20260116_131900\\stage2_perspectives\\frame_00010_cam_05.png', 'C:\\Users
\\Everton-PC\\Documents\\ARQUIVOS_TESTE\\test_20260116_131900\\stage2_perspectives\\frame_00
011_cam_05.png', 'C:\\Users\\Everton-PC\\Documents\\ARQUIVOS_TESTE\\test_20260116_131900\\st
age2_perspectives\\frame_00012_cam_05.png', 'C:\\Users\\Everton-PC\\Documents\\ARQUIVOS_TEST
E\\test_20260116_131900\\stage2_perspectives\\frame_00013_cam_05.png', 'C:\\Users\\Everton-P
C\\Documents\\ARQUIVOS_TESTE\\test_20260116_131900\\stage2_perspectives\\frame_00014_cam_05.
png', 'C:\\Users\\Everton-PC\\Documents\\ARQUIVOS_TESTE\\test_20260116_131900\\stage2_perspe
ctives\\frame_00015_cam_05.png', 'C:\\Users\\Everton-PC\\Documents\\ARQUIVOS_TESTE\\test_202
60116_131900\\stage2_perspectives\\frame_00000_cam_06.png', 'C:\\Users\\Everton-PC\\Document
s\\ARQUIVOS_TESTE\\test_20260116_131900\\stage2_perspectives\\frame_00001_cam_06.png', 'C:\\
Users\\Everton-PC\\Documents\\ARQUIVOS_TESTE\\test_20260116_131900\\stage2_perspectives\\fra
me_00002_cam_06.png', 'C:\\Users\\Everton-PC\\Documents\\ARQUIVOS_TESTE\\test_20260116_13190
0\\stage2_perspectives\\frame_00003_cam_06.png', 'C:\\Users\\Everton-PC\\Documents\\ARQUIVOS
_TESTE\\test_20260116_131900\\stage2_perspectives\\frame_00004_cam_06.png', 'C:\\Users\\Ever
ton-PC\\Documents\\ARQUIVOS_TESTE\\test_20260116_131900\\stage2_perspectives\\frame_00005_ca
m_06.png', 'C:\\Users\\Everton-PC\\Documents\\ARQUIVOS_TESTE\\test_20260116_131900\\stage2_p
erspectives\\frame_00006_cam_06.png', 'C:\\Users\\Everton-PC\\Documents\\ARQUIVOS_TESTE\\tes
t_20260116_131900\\stage2_perspectives\\frame_00007_cam_06.png', 'C:\\Users\\Everton-PC\\Doc
uments\\ARQUIVOS_TESTE\\test_20260116_131900\\stage2_perspectives\\frame_00008_cam_06.png', 
'C:\\Users\\Everton-PC\\Documents\\ARQUIVOS_TESTE\\test_20260116_131900\\stage2_perspectives
\\frame_00009_cam_06.png', 'C:\\Users\\Everton-PC\\Documents\\ARQUIVOS_TESTE\\test_20260116_
131900\\stage2_perspectives\\frame_00010_cam_06.png', 'C:\\Users\\Everton-PC\\Documents\\ARQ
UIVOS_TESTE\\test_20260116_131900\\stage2_perspectives\\frame_00011_cam_06.png', 'C:\\Users\
\Everton-PC\\Documents\\ARQUIVOS_TESTE\\test_20260116_131900\\stage2_perspectives\\frame_000
12_cam_06.png', 'C:\\Users\\Everton-PC\\Documents\\ARQUIVOS_TESTE\\test_20260116_131900\\sta
ge2_perspectives\\frame_00013_cam_06.png', 'C:\\Users\\Everton-PC\\Documents\\ARQUIVOS_TESTE
\\test_20260116_131900\\stage2_perspectives\\frame_00014_cam_06.png', 'C:\\Users\\Everton-PC
\\Documents\\ARQUIVOS_TESTE\\test_20260116_131900\\stage2_perspectives\\frame_00015_cam_06.p
ng', 'C:\\Users\\Everton-PC\\Documents\\ARQUIVOS_TESTE\\test_20260116_131900\\stage2_perspec
tives\\frame_00000_cam_07.png', 'C:\\Users\\Everton-PC\\Documents\\ARQUIVOS_TESTE\\test_2026
0116_131900\\stage2_perspectives\\frame_00001_cam_07.png', 'C:\\Users\\Everton-PC\\Documents
\\ARQUIVOS_TESTE\\test_20260116_131900\\stage2_perspectives\\frame_00002_cam_07.png', 'C:\\U
sers\\Everton-PC\\Documents\\ARQUIVOS_TESTE\\test_20260116_131900\\stage2_perspectives\\fram
e_00003_cam_07.png', 'C:\\Users\\Everton-PC\\Documents\\ARQUIVOS_TESTE\\test_20260116_131900
\\stage2_perspectives\\frame_00004_cam_07.png', 'C:\\Users\\Everton-PC\\Documents\\ARQUIVOS_
TESTE\\test_20260116_131900\\stage2_perspectives\\frame_00005_cam_07.png', 'C:\\Users\\Evert
on-PC\\Documents\\ARQUIVOS_TESTE\\test_20260116_131900\\stage2_perspectives\\frame_00006_cam
_07.png', 'C:\\Users\\Everton-PC\\Documents\\ARQUIVOS_TESTE\\test_20260116_131900\\stage2_pe
rspectives\\frame_00007_cam_07.png', 'C:\\Users\\Everton-PC\\Documents\\ARQUIVOS_TESTE\\test
_20260116_131900\\stage2_perspectives\\frame_00008_cam_07.png', 'C:\\Users\\Everton-PC\\Docu
ments\\ARQUIVOS_TESTE\\test_20260116_131900\\stage2_perspectives\\frame_00009_cam_07.png', '
C:\\Users\\Everton-PC\\Documents\\ARQUIVOS_TESTE\\test_20260116_131900\\stage2_perspectives\
\frame_00010_cam_07.png', 'C:\\Users\\Everton-PC\\Documents\\ARQUIVOS_TESTE\\test_20260116_1
31900\\stage2_perspectives\\frame_00011_cam_07.png', 'C:\\Users\\Everton-PC\\Documents\\ARQU
IVOS_TESTE\\test_20260116_131900\\stage2_perspectives\\frame_00012_cam_07.png', 'C:\\Users\\
Everton-PC\\Documents\\ARQUIVOS_TESTE\\test_20260116_131900\\stage2_perspectives\\frame_0001
3_cam_07.png', 'C:\\Users\\Everton-PC\\Documents\\ARQUIVOS_TESTE\\test_20260116_131900\\stag
e2_perspectives\\frame_00014_cam_07.png', 'C:\\Users\\Everton-PC\\Documents\\ARQUIVOS_TESTE\
\test_20260116_131900\\stage2_perspectives\\frame_00015_cam_07.png', 'C:\\Users\\Everton-PC\
\Documents\\ARQUIVOS_TESTE\\test_20260116_131900\\stage2_perspectives\\frame_00016_cam_00.pn
g', 'C:\\Users\\Everton-PC\\Documents\\ARQUIVOS_TESTE\\test_20260116_131900\\stage2_perspect
ives\\frame_00017_cam_00.png', 'C:\\Users\\Everton-PC\\Documents\\ARQUIVOS_TESTE\\test_20260
116_131900\\stage2_perspectives\\frame_00018_cam_00.png', 'C:\\Users\\Everton-PC\\Documents\
\ARQUIVOS_TESTE\\test_20260116_131900\\stage2_perspectives\\frame_00019_cam_00.png', 'C:\\Us
ers\\Everton-PC\\Documents\\ARQUIVOS_TESTE\\test_20260116_131900\\stage2_perspectives\\frame
_00020_cam_00.png', 'C:\\Users\\Everton-PC\\Documents\\ARQUIVOS_TESTE\\test_20260116_131900\
\stage2_perspectives\\frame_00021_cam_00.png', 'C:\\Users\\Everton-PC\\Documents\\ARQUIVOS_T
ESTE\\test_20260116_131900\\stage2_perspectives\\frame_00022_cam_00.png', 'C:\\Users\\Everto
n-PC\\Documents\\ARQUIVOS_TESTE\\test_20260116_131900\\stage2_perspectives\\frame_00023_cam_
00.png', 'C:\\Users\\Everton-PC\\Documents\\ARQUIVOS_TESTE\\test_20260116_131900\\stage2_per
spectives\\frame_00024_cam_00.png', 'C:\\Users\\Everton-PC\\Documents\\ARQUIVOS_TESTE\\test_
20260116_131900\\stage2_perspectives\\frame_00016_cam_01.png', 'C:\\Users\\Everton-PC\\Docum
ents\\ARQUIVOS_TESTE\\test_20260116_131900\\stage2_perspectives\\frame_00017_cam_01.png', 'C
:\\Users\\Everton-PC\\Documents\\ARQUIVOS_TESTE\\test_20260116_131900\\stage2_perspectives\\
frame_00018_cam_01.png', 'C:\\Users\\Everton-PC\\Documents\\ARQUIVOS_TESTE\\test_20260116_13
1900\\stage2_perspectives\\frame_00019_cam_01.png', 'C:\\Users\\Everton-PC\\Documents\\ARQUI
VOS_TESTE\\test_20260116_131900\\stage2_perspectives\\frame_00020_cam_01.png', 'C:\\Users\\E
verton-PC\\Documents\\ARQUIVOS_TESTE\\test_20260116_131900\\stage2_perspectives\\frame_00021
_cam_01.png', 'C:\\Users\\Everton-PC\\Documents\\ARQUIVOS_TESTE\\test_20260116_131900\\stage
2_perspectives\\frame_00022_cam_01.png', 'C:\\Users\\Everton-PC\\Documents\\ARQUIVOS_TESTE\\
test_20260116_131900\\stage2_perspectives\\frame_00023_cam_01.png', 'C:\\Users\\Everton-PC\\
Documents\\ARQUIVOS_TESTE\\test_20260116_131900\\stage2_perspectives\\frame_00024_cam_01.png
', 'C:\\Users\\Everton-PC\\Documents\\ARQUIVOS_TESTE\\test_20260116_131900\\stage2_perspecti
ves\\frame_00016_cam_02.png', 'C:\\Users\\Everton-PC\\Documents\\ARQUIVOS_TESTE\\test_202601
16_131900\\stage2_perspectives\\frame_00017_cam_02.png', 'C:\\Users\\Everton-PC\\Documents\\
ARQUIVOS_TESTE\\test_20260116_131900\\stage2_perspectives\\frame_00018_cam_02.png', 'C:\\Use
rs\\Everton-PC\\Documents\\ARQUIVOS_TESTE\\test_20260116_131900\\stage2_perspectives\\frame_
00019_cam_02.png', 'C:\\Users\\Everton-PC\\Documents\\ARQUIVOS_TESTE\\test_20260116_131900\\
stage2_perspectives\\frame_00020_cam_02.png', 'C:\\Users\\Everton-PC\\Documents\\ARQUIVOS_TE
STE\\test_20260116_131900\\stage2_perspectives\\frame_00021_cam_02.png', 'C:\\Users\\Everton
-PC\\Documents\\ARQUIVOS_TESTE\\test_20260116_131900\\stage2_perspectives\\frame_00022_cam_0
2.png', 'C:\\Users\\Everton-PC\\Documents\\ARQUIVOS_TESTE\\test_20260116_131900\\stage2_pers
pectives\\frame_00023_cam_02.png', 'C:\\Users\\Everton-PC\\Documents\\ARQUIVOS_TESTE\\test_2
0260116_131900\\stage2_perspectives\\frame_00024_cam_02.png', 'C:\\Users\\Everton-PC\\Docume
nts\\ARQUIVOS_TESTE\\test_20260116_131900\\stage2_perspectives\\frame_00016_cam_03.png', 'C:
\\Users\\Everton-PC\\Documents\\ARQUIVOS_TESTE\\test_20260116_131900\\stage2_perspectives\\f
rame_00017_cam_03.png', 'C:\\Users\\Everton-PC\\Documents\\ARQUIVOS_TESTE\\test_20260116_131
900\\stage2_perspectives\\frame_00018_cam_03.png', 'C:\\Users\\Everton-PC\\Documents\\ARQUIV
OS_TESTE\\test_20260116_131900\\stage2_perspectives\\frame_00019_cam_03.png', 'C:\\Users\\Ev
erton-PC\\Documents\\ARQUIVOS_TESTE\\test_20260116_131900\\stage2_perspectives\\frame_00020_
cam_03.png', 'C:\\Users\\Everton-PC\\Documents\\ARQUIVOS_TESTE\\test_20260116_131900\\stage2
_perspectives\\frame_00021_cam_03.png', 'C:\\Users\\Everton-PC\\Documents\\ARQUIVOS_TESTE\\t
est_20260116_131900\\stage2_perspectives\\frame_00022_cam_03.png', 'C:\\Users\\Everton-PC\\D
ocuments\\ARQUIVOS_TESTE\\test_20260116_131900\\stage2_perspectives\\frame_00023_cam_03.png'
, 'C:\\Users\\Everton-PC\\Documents\\ARQUIVOS_TESTE\\test_20260116_131900\\stage2_perspectiv
es\\frame_00024_cam_03.png', 'C:\\Users\\Everton-PC\\Documents\\ARQUIVOS_TESTE\\test_2026011
6_131900\\stage2_perspectives\\frame_00016_cam_04.png', 'C:\\Users\\Everton-PC\\Documents\\A
RQUIVOS_TESTE\\test_20260116_131900\\stage2_perspectives\\frame_00017_cam_04.png', 'C:\\User
s\\Everton-PC\\Documents\\ARQUIVOS_TESTE\\test_20260116_131900\\stage2_perspectives\\frame_0
0018_cam_04.png', 'C:\\Users\\Everton-PC\\Documents\\ARQUIVOS_TESTE\\test_20260116_131900\\s
tage2_perspectives\\frame_00019_cam_04.png', 'C:\\Users\\Everton-PC\\Documents\\ARQUIVOS_TES
TE\\test_20260116_131900\\stage2_perspectives\\frame_00020_cam_04.png', 'C:\\Users\\Everton-
PC\\Documents\\ARQUIVOS_TESTE\\test_20260116_131900\\stage2_perspectives\\frame_00021_cam_04
.png', 'C:\\Users\\Everton-PC\\Documents\\ARQUIVOS_TESTE\\test_20260116_131900\\stage2_persp
ectives\\frame_00022_cam_04.png', 'C:\\Users\\Everton-PC\\Documents\\ARQUIVOS_TESTE\\test_20
260116_131900\\stage2_perspectives\\frame_00023_cam_04.png', 'C:\\Users\\Everton-PC\\Documen
ts\\ARQUIVOS_TESTE\\test_20260116_131900\\stage2_perspectives\\frame_00024_cam_04.png', 'C:\
\Users\\Everton-PC\\Documents\\ARQUIVOS_TESTE\\test_20260116_131900\\stage2_perspectives\\fr
ame_00016_cam_05.png', 'C:\\Users\\Everton-PC\\Documents\\ARQUIVOS_TESTE\\test_20260116_1319
00\\stage2_perspectives\\frame_00017_cam_05.png', 'C:\\Users\\Everton-PC\\Documents\\ARQUIVO
S_TESTE\\test_20260116_131900\\stage2_perspectives\\frame_00018_cam_05.png', 'C:\\Users\\Eve
rton-PC\\Documents\\ARQUIVOS_TESTE\\test_20260116_131900\\stage2_perspectives\\frame_00019_c
am_05.png', 'C:\\Users\\Everton-PC\\Documents\\ARQUIVOS_TESTE\\test_20260116_131900\\stage2_
perspectives\\frame_00020_cam_05.png', 'C:\\Users\\Everton-PC\\Documents\\ARQUIVOS_TESTE\\te
st_20260116_131900\\stage2_perspectives\\frame_00021_cam_05.png', 'C:\\Users\\Everton-PC\\Do
cuments\\ARQUIVOS_TESTE\\test_20260116_131900\\stage2_perspectives\\frame_00022_cam_05.png',
 'C:\\Users\\Everton-PC\\Documents\\ARQUIVOS_TESTE\\test_20260116_131900\\stage2_perspective
s\\frame_00023_cam_05.png', 'C:\\Users\\Everton-PC\\Documents\\ARQUIVOS_TESTE\\test_20260116
_131900\\stage2_perspectives\\frame_00024_cam_05.png', 'C:\\Users\\Everton-PC\\Documents\\AR
QUIVOS_TESTE\\test_20260116_131900\\stage2_perspectives\\frame_00016_cam_06.png', 'C:\\Users
\\Everton-PC\\Documents\\ARQUIVOS_TESTE\\test_20260116_131900\\stage2_perspectives\\frame_00
017_cam_06.png', 'C:\\Users\\Everton-PC\\Documents\\ARQUIVOS_TESTE\\test_20260116_131900\\st
age2_perspectives\\frame_00018_cam_06.png', 'C:\\Users\\Everton-PC\\Documents\\ARQUIVOS_TEST
E\\test_20260116_131900\\stage2_perspectives\\frame_00019_cam_06.png', 'C:\\Users\\Everton-P
C\\Documents\\ARQUIVOS_TESTE\\test_20260116_131900\\stage2_perspectives\\frame_00020_cam_06.
png', 'C:\\Users\\Everton-PC\\Documents\\ARQUIVOS_TESTE\\test_20260116_131900\\stage2_perspe
ctives\\frame_00021_cam_06.png', 'C:\\Users\\Everton-PC\\Documents\\ARQUIVOS_TESTE\\test_202
60116_131900\\stage2_perspectives\\frame_00022_cam_06.png', 'C:\\Users\\Everton-PC\\Document
s\\ARQUIVOS_TESTE\\test_20260116_131900\\stage2_perspectives\\frame_00023_cam_06.png', 'C:\\
Users\\Everton-PC\\Documents\\ARQUIVOS_TESTE\\test_20260116_131900\\stage2_perspectives\\fra
me_00024_cam_06.png', 'C:\\Users\\Everton-PC\\Documents\\ARQUIVOS_TESTE\\test_20260116_13190
0\\stage2_perspectives\\frame_00016_cam_07.png', 'C:\\Users\\Everton-PC\\Documents\\ARQUIVOS
_TESTE\\test_20260116_131900\\stage2_perspectives\\frame_00017_cam_07.png', 'C:\\Users\\Ever
ton-PC\\Documents\\ARQUIVOS_TESTE\\test_20260116_131900\\stage2_perspectives\\frame_00018_ca
m_07.png', 'C:\\Users\\Everton-PC\\Documents\\ARQUIVOS_TESTE\\test_20260116_131900\\stage2_p
erspectives\\frame_00019_cam_07.png', 'C:\\Users\\Everton-PC\\Documents\\ARQUIVOS_TESTE\\tes
t_20260116_131900\\stage2_perspectives\\frame_00020_cam_07.png', 'C:\\Users\\Everton-PC\\Doc
uments\\ARQUIVOS_TESTE\\test_20260116_131900\\stage2_perspectives\\frame_00021_cam_07.png', 
'C:\\Users\\Everton-PC\\Documents\\ARQUIVOS_TESTE\\test_20260116_131900\\stage2_perspectives
\\frame_00022_cam_07.png', 'C:\\Users\\Everton-PC\\Documents\\ARQUIVOS_TESTE\\test_20260116_
131900\\stage2_perspectives\\frame_00023_cam_07.png', 'C:\\Users\\Everton-PC\\Documents\\ARQ
UIVOS_TESTE\\test_20260116_131900\\stage2_perspectives\\frame_00024_cam_07.png'], 
'output_dir': 'C:\\Users\\Everton-PC\\Documents\\ARQUIVOS_TESTE\\test_20260116_131900\\stage
2_perspectives'}
2026-01-16 13:23:19,059 - INFO - [OK] GPU compatibility verified - CUDA operations 
successful
2026-01-16 13:23:19,061 - INFO - Using device: cuda:0
2026-01-16 13:23:19,061 - INFO - Loading YOLOv8 model: yolov8s-seg.pt
2026-01-16 13:23:19,129 - INFO - YOLOv8 model loaded successfully: yolov8s-seg.pt (23MB, 
~0.5s/image)
2026-01-16 13:23:19,129 - INFO - Enabled masking categories: persons, personal_objects, 
animals
2026-01-16 13:23:19,130 - INFO - Using Stage 2 perspectives: 
C:\Users\Everton-PC\Documents\ARQUIVOS_TESTE\test_20260116_131900\stage2_perspectives
2026-01-16 13:23:19,139 - INFO - Processing 800 images for multi-category masking...
2026-01-16 13:23:20,260 - INFO - Progress: 10/800 - Stage 3: Processing 
frame_00001_cam_01.png
2026-01-16 13:23:21,265 - INFO - Progress: 20/800 - Stage 3: Processing 
frame_00002_cam_03.png
2026-01-16 13:23:22,273 - INFO - Progress: 30/800 - Stage 3: Processing 
frame_00003_cam_05.png
2026-01-16 13:23:23,378 - INFO - Progress: 40/800 - Stage 3: Processing 
frame_00004_cam_07.png
2026-01-16 13:23:24,385 - INFO - Progress: 50/800 - Stage 3: Processing 
frame_00006_cam_01.png
2026-01-16 13:23:25,391 - INFO - Progress: 60/800 - Stage 3: Processing 
frame_00007_cam_03.png
2026-01-16 13:23:26,495 - INFO - Progress: 70/800 - Stage 3: Processing 
frame_00008_cam_05.png
2026-01-16 13:23:27,400 - INFO - Progress: 80/800 - Stage 3: Processing 
frame_00009_cam_07.png
2026-01-16 13:23:28,304 - INFO - Progress: 90/800 - Stage 3: Processing 
frame_00011_cam_01.png
2026-01-16 13:23:29,309 - INFO - Progress: 100/800 - Stage 3: Processing 
frame_00012_cam_03.png
2026-01-16 13:23:30,213 - INFO - Progress: 110/800 - Stage 3: Processing 
frame_00013_cam_05.png
2026-01-16 13:23:31,520 - INFO - Progress: 120/800 - Stage 3: Processing 
frame_00014_cam_07.png
2026-01-16 13:23:33,331 - INFO - Progress: 130/800 - Stage 3: Processing 
frame_00016_cam_01.png
2026-01-16 13:23:35,142 - INFO - Progress: 140/800 - Stage 3: Processing 
frame_00017_cam_03.png
2026-01-16 13:23:36,349 - INFO - Progress: 150/800 - Stage 3: Processing 
frame_00018_cam_05.png
2026-01-16 13:23:37,556 - INFO - Progress: 160/800 - Stage 3: Processing 
frame_00019_cam_07.png
2026-01-16 13:23:39,266 - INFO - Progress: 170/800 - Stage 3: Processing 
frame_00021_cam_01.png
2026-01-16 13:23:40,371 - INFO - Progress: 180/800 - Stage 3: Processing 
frame_00022_cam_03.png
2026-01-16 13:23:41,375 - INFO - Progress: 190/800 - Stage 3: Processing 
frame_00023_cam_05.png
2026-01-16 13:23:42,278 - INFO - Progress: 200/800 - Stage 3: Processing 
frame_00024_cam_07.png
2026-01-16 13:23:42,882 - INFO - Progress: 210/800 - Stage 3: Processing 
frame_00001_cam_01.png
2026-01-16 13:23:43,584 - INFO - Progress: 220/800 - Stage 3: Processing 
frame_00002_cam_03.png
2026-01-16 13:23:44,290 - INFO - Progress: 230/800 - Stage 3: Processing 
frame_00003_cam_05.png
2026-01-16 13:23:44,993 - INFO - Progress: 240/800 - Stage 3: Processing 
frame_00004_cam_07.png
2026-01-16 13:23:45,597 - INFO - Progress: 250/800 - Stage 3: Processing 
frame_00006_cam_01.png
2026-01-16 13:23:46,400 - INFO - Progress: 260/800 - Stage 3: Processing 
frame_00007_cam_03.png
2026-01-16 13:23:47,105 - INFO - Progress: 270/800 - Stage 3: Processing 
frame_00008_cam_05.png
2026-01-16 13:23:47,908 - INFO - Progress: 280/800 - Stage 3: Processing 
frame_00009_cam_07.png
2026-01-16 13:23:48,712 - INFO - Progress: 290/800 - Stage 3: Processing 
frame_00011_cam_01.png
2026-01-16 13:23:49,516 - INFO - Progress: 300/800 - Stage 3: Processing 
frame_00012_cam_03.png
2026-01-16 13:23:50,219 - INFO - Progress: 310/800 - Stage 3: Processing 
frame_00013_cam_05.png
2026-01-16 13:23:51,022 - INFO - Progress: 320/800 - Stage 3: Processing 
frame_00014_cam_07.png
2026-01-16 13:23:51,730 - INFO - Progress: 330/800 - Stage 3: Processing 
frame_00016_cam_01.png
2026-01-16 13:23:52,534 - INFO - Progress: 340/800 - Stage 3: Processing 
frame_00017_cam_03.png
2026-01-16 13:23:53,340 - INFO - Progress: 350/800 - Stage 3: Processing 
frame_00018_cam_05.png
2026-01-16 13:23:54,145 - INFO - Progress: 360/800 - Stage 3: Processing 
frame_00019_cam_07.png
2026-01-16 13:23:54,848 - INFO - Progress: 370/800 - Stage 3: Processing 
frame_00021_cam_01.png
2026-01-16 13:23:55,651 - INFO - Progress: 380/800 - Stage 3: Processing 
frame_00022_cam_03.png
2026-01-16 13:23:56,354 - INFO - Progress: 390/800 - Stage 3: Processing 
frame_00023_cam_05.png
2026-01-16 13:23:57,159 - INFO - Progress: 400/800 - Stage 3: Processing 
frame_00024_cam_07.png
2026-01-16 13:23:57,862 - INFO - Progress: 410/800 - Stage 3: Processing 
frame_00001_cam_01.png
2026-01-16 13:23:58,665 - INFO - Progress: 420/800 - Stage 3: Processing 
frame_00002_cam_03.png
2026-01-16 13:23:59,469 - INFO - Progress: 430/800 - Stage 3: Processing 
frame_00003_cam_05.png
2026-01-16 13:24:00,171 - INFO - Progress: 440/800 - Stage 3: Processing 
frame_00004_cam_07.png
2026-01-16 13:24:00,876 - INFO - Progress: 450/800 - Stage 3: Processing 
frame_00006_cam_01.png
2026-01-16 13:24:01,680 - INFO - Progress: 460/800 - Stage 3: Processing 
frame_00007_cam_03.png
2026-01-16 13:24:02,483 - INFO - Progress: 470/800 - Stage 3: Processing 
frame_00008_cam_05.png
2026-01-16 13:24:03,189 - INFO - Progress: 480/800 - Stage 3: Processing 
frame_00009_cam_07.png
2026-01-16 13:24:03,994 - INFO - Progress: 490/800 - Stage 3: Processing 
frame_00011_cam_01.png
2026-01-16 13:24:04,696 - INFO - Progress: 500/800 - Stage 3: Processing 
frame_00012_cam_03.png
2026-01-16 13:24:05,400 - INFO - Progress: 510/800 - Stage 3: Processing 
frame_00013_cam_05.png
2026-01-16 13:24:06,004 - INFO - Progress: 520/800 - Stage 3: Processing 
frame_00014_cam_07.png
2026-01-16 13:24:06,709 - INFO - Progress: 530/800 - Stage 3: Processing 
frame_00016_cam_01.png
2026-01-16 13:24:07,412 - INFO - Progress: 540/800 - Stage 3: Processing 
frame_00017_cam_03.png
2026-01-16 13:24:08,114 - INFO - Progress: 550/800 - Stage 3: Processing 
frame_00018_cam_05.png
2026-01-16 13:24:08,818 - INFO - Progress: 560/800 - Stage 3: Processing 
frame_00019_cam_07.png
2026-01-16 13:24:09,520 - INFO - Progress: 570/800 - Stage 3: Processing 
frame_00021_cam_01.png
2026-01-16 13:24:10,327 - INFO - Progress: 580/800 - Stage 3: Processing 
frame_00022_cam_03.png
2026-01-16 13:24:11,030 - INFO - Progress: 590/800 - Stage 3: Processing 
frame_00023_cam_05.png
2026-01-16 13:24:11,834 - INFO - Progress: 600/800 - Stage 3: Processing 
frame_00024_cam_07.png
2026-01-16 13:24:12,437 - INFO - Progress: 610/800 - Stage 3: Processing 
frame_00001_cam_01.png
2026-01-16 13:24:13,144 - INFO - Progress: 620/800 - Stage 3: Processing 
frame_00002_cam_03.png
2026-01-16 13:24:13,846 - INFO - Progress: 630/800 - Stage 3: Processing 
frame_00003_cam_05.png
2026-01-16 13:24:14,448 - INFO - Progress: 640/800 - Stage 3: Processing 
frame_00004_cam_07.png
2026-01-16 13:24:15,051 - INFO - Progress: 650/800 - Stage 3: Processing 
frame_00006_cam_01.png
2026-01-16 13:24:15,753 - INFO - Progress: 660/800 - Stage 3: Processing 
frame_00007_cam_03.png
2026-01-16 13:24:16,458 - INFO - Progress: 670/800 - Stage 3: Processing 
frame_00008_cam_05.png
2026-01-16 13:24:17,161 - INFO - Progress: 680/800 - Stage 3: Processing 
frame_00009_cam_07.png
2026-01-16 13:24:17,965 - INFO - Progress: 690/800 - Stage 3: Processing 
frame_00011_cam_01.png
2026-01-16 13:24:18,667 - INFO - Progress: 700/800 - Stage 3: Processing 
frame_00012_cam_03.png
2026-01-16 13:24:19,470 - INFO - Progress: 710/800 - Stage 3: Processing 
frame_00013_cam_05.png
2026-01-16 13:24:20,176 - INFO - Progress: 720/800 - Stage 3: Processing 
frame_00014_cam_07.png
2026-01-16 13:24:20,880 - INFO - Progress: 730/800 - Stage 3: Processing 
frame_00016_cam_01.png
2026-01-16 13:24:21,683 - INFO - Progress: 740/800 - Stage 3: Processing 
frame_00017_cam_03.png
2026-01-16 13:24:22,387 - INFO - Progress: 750/800 - Stage 3: Processing 
frame_00018_cam_05.png
2026-01-16 13:24:23,191 - INFO - Progress: 760/800 - Stage 3: Processing 
frame_00019_cam_07.png
2026-01-16 13:24:23,895 - INFO - Progress: 770/800 - Stage 3: Processing 
frame_00021_cam_01.png
2026-01-16 13:24:24,699 - INFO - Progress: 780/800 - Stage 3: Processing 
frame_00022_cam_03.png
2026-01-16 13:24:25,502 - INFO - Progress: 790/800 - Stage 3: Processing 
frame_00023_cam_05.png
2026-01-16 13:24:26,308 - INFO - Progress: 800/800 - Stage 3: Processing 
frame_00024_cam_07.png
2026-01-16 13:24:26,345 - INFO - Batch processing complete: 3 masks created, 0 failed, 797 
skipped (no detections or already exist)
2026-01-16 13:24:26,345 - INFO - === Pipeline Complete === (Executed stages: [1, 2, 3])
2026-01-16 13:24:26,409 - INFO - 
============================================================
2026-01-16 13:24:26,409 - INFO - Stage 3 Complete
2026-01-16 13:24:26,409 - INFO - 
============================================================
2026-01-16 13:24:26,409 - INFO - Result: {'successful': 3, 'failed': 0, 'total': 800, 
'skipped': 797, 'success': True}
2026-01-16 13:24:26,409 - INFO - Pipeline finished: True
2026-01-16 13:24:26,509 - INFO - 
Pipeline execution time: 325.75s (5.43 minutes)
2026-01-16 13:24:26,509 - INFO - 
============================================================
2026-01-16 13:24:26,509 - INFO - Checking COLMAP Status
2026-01-16 13:24:26,509 - INFO - 
============================================================
2026-01-16 13:24:26,509 - ERROR - [FAILED] COLMAP: Alignment failed - no sparse 
reconstruction
2026-01-16 13:24:26,509 - ERROR - 
============================================================
2026-01-16 13:24:26,509 - ERROR - TEST STOPPED: COLMAP FAILED
2026-01-16 13:24:26,510 - ERROR - 
============================================================
2026-01-16 13:24:26,510 - ERROR - COLMAP alignment is required for this test.
2026-01-16 13:24:26,510 - ERROR - Check logs above for COLMAP error details.
2026-01-16 13:24:26,512 - INFO - 
Test report saved: 
C:\Users\Everton-PC\Documents\ARQUIVOS_TESTE\test_20260116_131900\test_report.json
2026-01-16 13:24:26,513 - INFO - 
============================================================
2026-01-16 13:24:26,513 - INFO - TEST SUMMARY
2026-01-16 13:24:26,513 - INFO - 
============================================================
2026-01-16 13:24:26,513 - INFO - Test ID: 20260116_131900
2026-01-16 13:24:26,513 - INFO - Output: 
C:\Users\Everton-PC\Documents\ARQUIVOS_TESTE\test_20260116_131900
2026-01-16 13:24:26,513 - INFO - Success: False
2026-01-16 13:24:26,513 - INFO - Errors: 0
2026-01-16 13:24:26,513 - INFO - 
============================================================
